Archive member included because of file (symbol)

/usr/lib/gcc/avr/5.3.0/avr5/libgcc.a(_mulsi3.o)
                              obj/Debug/src/common.o (__mulsi3)
/usr/lib/gcc/avr/5.3.0/avr5/libgcc.a(_divmodsi4.o)
                              obj/Debug/src/common.o (__divmodsi4)
/usr/lib/gcc/avr/5.3.0/avr5/libgcc.a(_negsi2.o)
                              /usr/lib/gcc/avr/5.3.0/avr5/libgcc.a(_divmodsi4.o) (__negsi2)
/usr/lib/gcc/avr/5.3.0/avr5/libgcc.a(_exit.o)
                              /usr/lib/gcc/avr/5.3.0/../../../../avr/lib/avr5/crtatmega328p.o (exit)
/usr/lib/gcc/avr/5.3.0/avr5/libgcc.a(_tablejump2.o)
                              obj/Debug/src/common.o (__tablejump2__)
/usr/lib/gcc/avr/5.3.0/avr5/libgcc.a(_muluhisi3.o)
                              /usr/lib/gcc/avr/5.3.0/avr5/libgcc.a(_mulsi3.o) (__muluhisi3)
/usr/lib/gcc/avr/5.3.0/avr5/libgcc.a(_udivmodsi4.o)
                              /usr/lib/gcc/avr/5.3.0/avr5/libgcc.a(_divmodsi4.o) (__udivmodsi4)
/usr/lib/gcc/avr/5.3.0/avr5/libgcc.a(_umulhisi3.o)
                              /usr/lib/gcc/avr/5.3.0/avr5/libgcc.a(_muluhisi3.o) (__umulhisi3)

Memory Configuration

Name             Origin             Length             Attributes
text             0x0000000000000000 0x0000000000020000 xr
data             0x0000000000800060 0x000000000000ffa0 rw !x
eeprom           0x0000000000810000 0x0000000000010000 rw !x
fuse             0x0000000000820000 0x0000000000000400 rw !x
lock             0x0000000000830000 0x0000000000000400 rw !x
signature        0x0000000000840000 0x0000000000000400 rw !x
user_signatures  0x0000000000850000 0x0000000000000400 rw !x
*default*        0x0000000000000000 0xffffffffffffffff

Linker script and memory map

Address of section .data set to 0x800100
LOAD /usr/lib/gcc/avr/5.3.0/../../../../avr/lib/avr5/crtatmega328p.o
LOAD obj/Debug/fuse.o
LOAD obj/Debug/main.o
LOAD obj/Debug/src/common.o
LOAD obj/Debug/src/Motor.o
LOAD obj/Debug/src/pwm.o
LOAD /usr/lib/gcc/avr/5.3.0/avr5/libgcc.a
LOAD /usr/lib/libm.a
START GROUP
LOAD /usr/lib/gcc/avr/5.3.0/avr5/libgcc.a
LOAD /usr/lib/libm.a
LOAD /usr/lib/libc.a
LOAD /usr/lib/gcc/avr/5.3.0/../../../../avr/lib/avr5/libatmega328p.a
END GROUP

.hash
 *(.hash)

.dynsym
 *(.dynsym)

.dynstr
 *(.dynstr)

.gnu.version
 *(.gnu.version)

.gnu.version_d
 *(.gnu.version_d)

.gnu.version_r
 *(.gnu.version_r)

.rel.init
 *(.rel.init)

.rela.init
 *(.rela.init)

.rel.text
 *(.rel.text)
 *(.rel.text.*)
 *(.rel.gnu.linkonce.t*)

.rela.text
 *(.rela.text)
 *(.rela.text.*)
 *(.rela.gnu.linkonce.t*)

.rel.fini
 *(.rel.fini)

.rela.fini
 *(.rela.fini)

.rel.rodata
 *(.rel.rodata)
 *(.rel.rodata.*)
 *(.rel.gnu.linkonce.r*)

.rela.rodata
 *(.rela.rodata)
 *(.rela.rodata.*)
 *(.rela.gnu.linkonce.r*)

.rel.data
 *(.rel.data)
 *(.rel.data.*)
 *(.rel.gnu.linkonce.d*)

.rela.data
 *(.rela.data)
 *(.rela.data.*)
 *(.rela.gnu.linkonce.d*)

.rel.ctors
 *(.rel.ctors)

.rela.ctors
 *(.rela.ctors)

.rel.dtors
 *(.rel.dtors)

.rela.dtors
 *(.rela.dtors)

.rel.got
 *(.rel.got)

.rela.got
 *(.rela.got)

.rel.bss
 *(.rel.bss)

.rela.bss
 *(.rela.bss)

.rel.plt
 *(.rel.plt)

.rela.plt
 *(.rela.plt)

.text           0x0000000000000000      0x9d6
 *(.vectors)
 .vectors       0x0000000000000000       0x68 /usr/lib/gcc/avr/5.3.0/../../../../avr/lib/avr5/crtatmega328p.o
                0x0000000000000000                __vectors
                0x0000000000000000                __vector_default
 *(.vectors)
 *(.progmem.gcc*)
 .progmem.gcc_sw_table
                0x0000000000000068       0x70 obj/Debug/src/common.o
                0x00000000000000d8                . = ALIGN (0x2)
                0x00000000000000d8                __trampolines_start = .
 *(.trampolines)
 .trampolines   0x00000000000000d8        0x0 linker stubs
 *(.trampolines*)
                0x00000000000000d8                __trampolines_end = .
 *(.progmem*)
                0x00000000000000d8                . = ALIGN (0x2)
 *(.jumptables)
 *(.jumptables*)
 *(.lowtext)
 *(.lowtext*)
                0x00000000000000d8                __ctors_start = .
 *(.ctors)
                0x00000000000000d8                __ctors_end = .
                0x00000000000000d8                __dtors_start = .
 *(.dtors)
                0x00000000000000d8                __dtors_end = .
 SORT(*)(.ctors)
 SORT(*)(.dtors)
 *(.init0)
 .init0         0x00000000000000d8        0x0 /usr/lib/gcc/avr/5.3.0/../../../../avr/lib/avr5/crtatmega328p.o
                0x00000000000000d8                __init
 *(.init0)
 *(.init1)
 *(.init1)
 *(.init2)
 .init2         0x00000000000000d8        0xc /usr/lib/gcc/avr/5.3.0/../../../../avr/lib/avr5/crtatmega328p.o
 *(.init2)
 *(.init3)
 *(.init3)
 *(.init4)
 *(.init4)
 *(.init5)
 *(.init5)
 *(.init6)
 *(.init6)
 *(.init7)
 *(.init7)
 *(.init8)
 *(.init8)
 *(.init9)
 .init9         0x00000000000000e4        0x8 /usr/lib/gcc/avr/5.3.0/../../../../avr/lib/avr5/crtatmega328p.o
 *(.init9)
 *(.text)
 .text          0x00000000000000ec        0x4 /usr/lib/gcc/avr/5.3.0/../../../../avr/lib/avr5/crtatmega328p.o
                0x00000000000000ec                __vector_22
                0x00000000000000ec                __vector_1
                0x00000000000000ec                __vector_24
                0x00000000000000ec                __vector_12
                0x00000000000000ec                __bad_interrupt
                0x00000000000000ec                __vector_6
                0x00000000000000ec                __vector_3
                0x00000000000000ec                __vector_23
                0x00000000000000ec                __vector_25
                0x00000000000000ec                __vector_11
                0x00000000000000ec                __vector_13
                0x00000000000000ec                __vector_17
                0x00000000000000ec                __vector_19
                0x00000000000000ec                __vector_7
                0x00000000000000ec                __vector_5
                0x00000000000000ec                __vector_4
                0x00000000000000ec                __vector_9
                0x00000000000000ec                __vector_2
                0x00000000000000ec                __vector_21
                0x00000000000000ec                __vector_15
                0x00000000000000ec                __vector_8
                0x00000000000000ec                __vector_14
                0x00000000000000ec                __vector_10
                0x00000000000000ec                __vector_16
                0x00000000000000ec                __vector_18
                0x00000000000000ec                __vector_20
 .text          0x00000000000000f0        0x0 obj/Debug/fuse.o
 .text          0x00000000000000f0       0xd2 obj/Debug/main.o
                0x00000000000000f0                main
 .text          0x00000000000001c2      0x414 obj/Debug/src/common.o
                0x00000000000001c2                map(long, long, long, long, long)
                0x0000000000000244                pinMode(int, int)
                0x00000000000003f6                digitalWrite(int, int)
 .text          0x00000000000005d6      0x1de obj/Debug/src/Motor.o
                0x00000000000005d6                Motor::Motor(int, int, int, int, int, int)
                0x00000000000005d6                Motor::Motor(int, int, int, int, int, int)
                0x0000000000000680                Motor::stop()
                0x00000000000006bc                Motor::forward()
                0x00000000000006e4                Motor::backward()
                0x000000000000070c                Motor::rigtWheelForward()
                0x0000000000000728                Motor::rightWheelBackward()
                0x0000000000000744                Motor::leftWheelForward()
                0x0000000000000760                Motor::leftWheelBackward()
                0x000000000000077c                Motor::setRightWheelSpeed(unsigned int)
                0x0000000000000798                Motor::setLeftWheelSpeed(unsigned int)
 .text          0x00000000000007b4      0x13c obj/Debug/src/pwm.o
                0x00000000000007b4                pwm_enable(PWM_CHANNEL)
                0x0000000000000802                pwm_disable(PWM_CHANNEL)
                0x0000000000000850                pwm_dutycycle(PWM_CHANNEL, unsigned char)
                0x0000000000000886                pwm_initialize(PWM_CHANNEL)
 .text          0x00000000000008f0        0x0 /usr/lib/gcc/avr/5.3.0/avr5/libgcc.a(_mulsi3.o)
 .text          0x00000000000008f0        0x0 /usr/lib/gcc/avr/5.3.0/avr5/libgcc.a(_divmodsi4.o)
 .text          0x00000000000008f0        0x0 /usr/lib/gcc/avr/5.3.0/avr5/libgcc.a(_negsi2.o)
 .text          0x00000000000008f0        0x0 /usr/lib/gcc/avr/5.3.0/avr5/libgcc.a(_exit.o)
 .text          0x00000000000008f0        0x0 /usr/lib/gcc/avr/5.3.0/avr5/libgcc.a(_tablejump2.o)
 .text          0x00000000000008f0        0x0 /usr/lib/gcc/avr/5.3.0/avr5/libgcc.a(_muluhisi3.o)
 .text          0x00000000000008f0        0x0 /usr/lib/gcc/avr/5.3.0/avr5/libgcc.a(_udivmodsi4.o)
 .text          0x00000000000008f0        0x0 /usr/lib/gcc/avr/5.3.0/avr5/libgcc.a(_umulhisi3.o)
                0x00000000000008f0                . = ALIGN (0x2)
 *(.text.*)
 .text.libgcc.mul
                0x00000000000008f0       0x20 /usr/lib/gcc/avr/5.3.0/avr5/libgcc.a(_mulsi3.o)
                0x00000000000008f0                __mulsi3
 .text.libgcc.div
                0x0000000000000910        0x0 /usr/lib/gcc/avr/5.3.0/avr5/libgcc.a(_mulsi3.o)
 .text.libgcc   0x0000000000000910        0x0 /usr/lib/gcc/avr/5.3.0/avr5/libgcc.a(_mulsi3.o)
 .text.libgcc.prologue
                0x0000000000000910        0x0 /usr/lib/gcc/avr/5.3.0/avr5/libgcc.a(_mulsi3.o)
 .text.libgcc.builtins
                0x0000000000000910        0x0 /usr/lib/gcc/avr/5.3.0/avr5/libgcc.a(_mulsi3.o)
 .text.libgcc.fmul
                0x0000000000000910        0x0 /usr/lib/gcc/avr/5.3.0/avr5/libgcc.a(_mulsi3.o)
 .text.libgcc.fixed
                0x0000000000000910        0x0 /usr/lib/gcc/avr/5.3.0/avr5/libgcc.a(_mulsi3.o)
 .text.libgcc.mul
                0x0000000000000910        0x0 /usr/lib/gcc/avr/5.3.0/avr5/libgcc.a(_divmodsi4.o)
 .text.libgcc.div
                0x0000000000000910       0x2e /usr/lib/gcc/avr/5.3.0/avr5/libgcc.a(_divmodsi4.o)
                0x0000000000000910                __divmodsi4
 .text.libgcc   0x000000000000093e        0x0 /usr/lib/gcc/avr/5.3.0/avr5/libgcc.a(_divmodsi4.o)
 .text.libgcc.prologue
                0x000000000000093e        0x0 /usr/lib/gcc/avr/5.3.0/avr5/libgcc.a(_divmodsi4.o)
 .text.libgcc.builtins
                0x000000000000093e        0x0 /usr/lib/gcc/avr/5.3.0/avr5/libgcc.a(_divmodsi4.o)
 .text.libgcc.fmul
                0x000000000000093e        0x0 /usr/lib/gcc/avr/5.3.0/avr5/libgcc.a(_divmodsi4.o)
 .text.libgcc.fixed
                0x000000000000093e        0x0 /usr/lib/gcc/avr/5.3.0/avr5/libgcc.a(_divmodsi4.o)
 .text.libgcc.mul
                0x000000000000093e        0x0 /usr/lib/gcc/avr/5.3.0/avr5/libgcc.a(_negsi2.o)
 .text.libgcc.div
                0x000000000000093e       0x10 /usr/lib/gcc/avr/5.3.0/avr5/libgcc.a(_negsi2.o)
                0x000000000000093e                __negsi2
 .text.libgcc   0x000000000000094e        0x0 /usr/lib/gcc/avr/5.3.0/avr5/libgcc.a(_negsi2.o)
 .text.libgcc.prologue
                0x000000000000094e        0x0 /usr/lib/gcc/avr/5.3.0/avr5/libgcc.a(_negsi2.o)
 .text.libgcc.builtins
                0x000000000000094e        0x0 /usr/lib/gcc/avr/5.3.0/avr5/libgcc.a(_negsi2.o)
 .text.libgcc.fmul
                0x000000000000094e        0x0 /usr/lib/gcc/avr/5.3.0/avr5/libgcc.a(_negsi2.o)
 .text.libgcc.fixed
                0x000000000000094e        0x0 /usr/lib/gcc/avr/5.3.0/avr5/libgcc.a(_negsi2.o)
 .text.libgcc.mul
                0x000000000000094e        0x0 /usr/lib/gcc/avr/5.3.0/avr5/libgcc.a(_exit.o)
 .text.libgcc.div
                0x000000000000094e        0x0 /usr/lib/gcc/avr/5.3.0/avr5/libgcc.a(_exit.o)
 .text.libgcc   0x000000000000094e        0x0 /usr/lib/gcc/avr/5.3.0/avr5/libgcc.a(_exit.o)
 .text.libgcc.prologue
                0x000000000000094e        0x0 /usr/lib/gcc/avr/5.3.0/avr5/libgcc.a(_exit.o)
 .text.libgcc.builtins
                0x000000000000094e        0x0 /usr/lib/gcc/avr/5.3.0/avr5/libgcc.a(_exit.o)
 .text.libgcc.fmul
                0x000000000000094e        0x0 /usr/lib/gcc/avr/5.3.0/avr5/libgcc.a(_exit.o)
 .text.libgcc.fixed
                0x000000000000094e        0x0 /usr/lib/gcc/avr/5.3.0/avr5/libgcc.a(_exit.o)
 .text.libgcc.mul
                0x000000000000094e        0x0 /usr/lib/gcc/avr/5.3.0/avr5/libgcc.a(_tablejump2.o)
 .text.libgcc.div
                0x000000000000094e        0x0 /usr/lib/gcc/avr/5.3.0/avr5/libgcc.a(_tablejump2.o)
 .text.libgcc   0x000000000000094e        0xc /usr/lib/gcc/avr/5.3.0/avr5/libgcc.a(_tablejump2.o)
                0x000000000000094e                __tablejump2__
 .text.libgcc.prologue
                0x000000000000095a        0x0 /usr/lib/gcc/avr/5.3.0/avr5/libgcc.a(_tablejump2.o)
 .text.libgcc.builtins
                0x000000000000095a        0x0 /usr/lib/gcc/avr/5.3.0/avr5/libgcc.a(_tablejump2.o)
 .text.libgcc.fmul
                0x000000000000095a        0x0 /usr/lib/gcc/avr/5.3.0/avr5/libgcc.a(_tablejump2.o)
 .text.libgcc.fixed
                0x000000000000095a        0x0 /usr/lib/gcc/avr/5.3.0/avr5/libgcc.a(_tablejump2.o)
 .text.libgcc.mul
                0x000000000000095a       0x16 /usr/lib/gcc/avr/5.3.0/avr5/libgcc.a(_muluhisi3.o)
                0x000000000000095a                __muluhisi3
 .text.libgcc.div
                0x0000000000000970        0x0 /usr/lib/gcc/avr/5.3.0/avr5/libgcc.a(_muluhisi3.o)
 .text.libgcc   0x0000000000000970        0x0 /usr/lib/gcc/avr/5.3.0/avr5/libgcc.a(_muluhisi3.o)
 .text.libgcc.prologue
                0x0000000000000970        0x0 /usr/lib/gcc/avr/5.3.0/avr5/libgcc.a(_muluhisi3.o)
 .text.libgcc.builtins
                0x0000000000000970        0x0 /usr/lib/gcc/avr/5.3.0/avr5/libgcc.a(_muluhisi3.o)
 .text.libgcc.fmul
                0x0000000000000970        0x0 /usr/lib/gcc/avr/5.3.0/avr5/libgcc.a(_muluhisi3.o)
 .text.libgcc.fixed
                0x0000000000000970        0x0 /usr/lib/gcc/avr/5.3.0/avr5/libgcc.a(_muluhisi3.o)
 .text.libgcc.mul
                0x0000000000000970        0x0 /usr/lib/gcc/avr/5.3.0/avr5/libgcc.a(_udivmodsi4.o)
 .text.libgcc.div
                0x0000000000000970       0x44 /usr/lib/gcc/avr/5.3.0/avr5/libgcc.a(_udivmodsi4.o)
                0x0000000000000970                __udivmodsi4
 .text.libgcc   0x00000000000009b4        0x0 /usr/lib/gcc/avr/5.3.0/avr5/libgcc.a(_udivmodsi4.o)
 .text.libgcc.prologue
                0x00000000000009b4        0x0 /usr/lib/gcc/avr/5.3.0/avr5/libgcc.a(_udivmodsi4.o)
 .text.libgcc.builtins
                0x00000000000009b4        0x0 /usr/lib/gcc/avr/5.3.0/avr5/libgcc.a(_udivmodsi4.o)
 .text.libgcc.fmul
                0x00000000000009b4        0x0 /usr/lib/gcc/avr/5.3.0/avr5/libgcc.a(_udivmodsi4.o)
 .text.libgcc.fixed
                0x00000000000009b4        0x0 /usr/lib/gcc/avr/5.3.0/avr5/libgcc.a(_udivmodsi4.o)
 .text.libgcc.mul
                0x00000000000009b4       0x1e /usr/lib/gcc/avr/5.3.0/avr5/libgcc.a(_umulhisi3.o)
                0x00000000000009b4                __umulhisi3
 .text.libgcc.div
                0x00000000000009d2        0x0 /usr/lib/gcc/avr/5.3.0/avr5/libgcc.a(_umulhisi3.o)
 .text.libgcc   0x00000000000009d2        0x0 /usr/lib/gcc/avr/5.3.0/avr5/libgcc.a(_umulhisi3.o)
 .text.libgcc.prologue
                0x00000000000009d2        0x0 /usr/lib/gcc/avr/5.3.0/avr5/libgcc.a(_umulhisi3.o)
 .text.libgcc.builtins
                0x00000000000009d2        0x0 /usr/lib/gcc/avr/5.3.0/avr5/libgcc.a(_umulhisi3.o)
 .text.libgcc.fmul
                0x00000000000009d2        0x0 /usr/lib/gcc/avr/5.3.0/avr5/libgcc.a(_umulhisi3.o)
 .text.libgcc.fixed
                0x00000000000009d2        0x0 /usr/lib/gcc/avr/5.3.0/avr5/libgcc.a(_umulhisi3.o)
                0x00000000000009d2                . = ALIGN (0x2)
 *(.fini9)
 .fini9         0x00000000000009d2        0x0 /usr/lib/gcc/avr/5.3.0/avr5/libgcc.a(_exit.o)
                0x00000000000009d2                exit
                0x00000000000009d2                _exit
 *(.fini9)
 *(.fini8)
 *(.fini8)
 *(.fini7)
 *(.fini7)
 *(.fini6)
 *(.fini6)
 *(.fini5)
 *(.fini5)
 *(.fini4)
 *(.fini4)
 *(.fini3)
 *(.fini3)
 *(.fini2)
 *(.fini2)
 *(.fini1)
 *(.fini1)
 *(.fini0)
 .fini0         0x00000000000009d2        0x4 /usr/lib/gcc/avr/5.3.0/avr5/libgcc.a(_exit.o)
 *(.fini0)
                0x00000000000009d6                _etext = .

.data           0x0000000000800100        0x0 load address 0x00000000000009d6
                0x0000000000800100                PROVIDE (__data_start, .)
 *(.data)
 .data          0x0000000000800100        0x0 /usr/lib/gcc/avr/5.3.0/../../../../avr/lib/avr5/crtatmega328p.o
 .data          0x0000000000800100        0x0 obj/Debug/fuse.o
 .data          0x0000000000800100        0x0 obj/Debug/main.o
 .data          0x0000000000800100        0x0 obj/Debug/src/common.o
 .data          0x0000000000800100        0x0 obj/Debug/src/Motor.o
 .data          0x0000000000800100        0x0 obj/Debug/src/pwm.o
 .data          0x0000000000800100        0x0 /usr/lib/gcc/avr/5.3.0/avr5/libgcc.a(_mulsi3.o)
 .data          0x0000000000800100        0x0 /usr/lib/gcc/avr/5.3.0/avr5/libgcc.a(_divmodsi4.o)
 .data          0x0000000000800100        0x0 /usr/lib/gcc/avr/5.3.0/avr5/libgcc.a(_negsi2.o)
 .data          0x0000000000800100        0x0 /usr/lib/gcc/avr/5.3.0/avr5/libgcc.a(_exit.o)
 .data          0x0000000000800100        0x0 /usr/lib/gcc/avr/5.3.0/avr5/libgcc.a(_tablejump2.o)
 .data          0x0000000000800100        0x0 /usr/lib/gcc/avr/5.3.0/avr5/libgcc.a(_muluhisi3.o)
 .data          0x0000000000800100        0x0 /usr/lib/gcc/avr/5.3.0/avr5/libgcc.a(_udivmodsi4.o)
 .data          0x0000000000800100        0x0 /usr/lib/gcc/avr/5.3.0/avr5/libgcc.a(_umulhisi3.o)
 *(.data*)
 *(.rodata)
 *(.rodata*)
 *(.gnu.linkonce.d*)
                0x0000000000800100                . = ALIGN (0x2)
                0x0000000000800100                _edata = .
                0x0000000000800100                PROVIDE (__data_end, .)

.bss            0x0000000000800100        0x0
                0x0000000000800100                PROVIDE (__bss_start, .)
 *(.bss)
 .bss           0x0000000000800100        0x0 /usr/lib/gcc/avr/5.3.0/../../../../avr/lib/avr5/crtatmega328p.o
 .bss           0x0000000000800100        0x0 obj/Debug/fuse.o
 .bss           0x0000000000800100        0x0 obj/Debug/main.o
 .bss           0x0000000000800100        0x0 obj/Debug/src/common.o
 .bss           0x0000000000800100        0x0 obj/Debug/src/Motor.o
 .bss           0x0000000000800100        0x0 obj/Debug/src/pwm.o
 .bss           0x0000000000800100        0x0 /usr/lib/gcc/avr/5.3.0/avr5/libgcc.a(_mulsi3.o)
 .bss           0x0000000000800100        0x0 /usr/lib/gcc/avr/5.3.0/avr5/libgcc.a(_divmodsi4.o)
 .bss           0x0000000000800100        0x0 /usr/lib/gcc/avr/5.3.0/avr5/libgcc.a(_negsi2.o)
 .bss           0x0000000000800100        0x0 /usr/lib/gcc/avr/5.3.0/avr5/libgcc.a(_exit.o)
 .bss           0x0000000000800100        0x0 /usr/lib/gcc/avr/5.3.0/avr5/libgcc.a(_tablejump2.o)
 .bss           0x0000000000800100        0x0 /usr/lib/gcc/avr/5.3.0/avr5/libgcc.a(_muluhisi3.o)
 .bss           0x0000000000800100        0x0 /usr/lib/gcc/avr/5.3.0/avr5/libgcc.a(_udivmodsi4.o)
 .bss           0x0000000000800100        0x0 /usr/lib/gcc/avr/5.3.0/avr5/libgcc.a(_umulhisi3.o)
 *(.bss*)
 *(COMMON)
                0x0000000000800100                PROVIDE (__bss_end, .)
                0x00000000000009d6                __data_load_start = LOADADDR (.data)
                0x00000000000009d6                __data_load_end = (__data_load_start + SIZEOF (.data))

.noinit         0x0000000000800100        0x0
                0x0000000000800100                PROVIDE (__noinit_start, .)
 *(.noinit*)
                0x0000000000800100                PROVIDE (__noinit_end, .)
                0x0000000000800100                _end = .
                0x0000000000800100                PROVIDE (__heap_start, .)

.eeprom         0x0000000000810000        0x0
 *(.eeprom*)
                0x0000000000810000                __eeprom_end = .

.fuse           0x0000000000820000        0x3
 *(.fuse)
 .fuse          0x0000000000820000        0x3 obj/Debug/fuse.o
                0x0000000000820000                __fuse
 *(.lfuse)
 *(.hfuse)
 *(.efuse)

.lock
 *(.lock*)

.signature
 *(.signature*)

.user_signatures
 *(.user_signatures*)

.stab           0x0000000000000000     0x2bec
 *(.stab)
 .stab          0x0000000000000000      0x498 obj/Debug/fuse.o
 .stab          0x0000000000000498      0x690 obj/Debug/main.o
                                        0x69c (size before relaxing)
 .stab          0x0000000000000b28      0xe94 obj/Debug/src/common.o
                                        0xea0 (size before relaxing)
 .stab          0x00000000000019bc      0x9c0 obj/Debug/src/Motor.o
                                        0x9cc (size before relaxing)
 .stab          0x000000000000237c      0x870 obj/Debug/src/pwm.o
                                        0x87c (size before relaxing)

.stabstr        0x0000000000000000     0x214f
 *(.stabstr)
 .stabstr       0x0000000000000000     0x214f obj/Debug/fuse.o

.stab.excl
 *(.stab.excl)

.stab.exclstr
 *(.stab.exclstr)

.stab.index
 *(.stab.index)

.stab.indexstr
 *(.stab.indexstr)

.comment        0x0000000000000000       0x11
 *(.comment)
 .comment       0x0000000000000000       0x11 obj/Debug/fuse.o
                                         0x12 (size before relaxing)
 .comment       0x0000000000000000       0x12 obj/Debug/main.o
 .comment       0x0000000000000000       0x12 obj/Debug/src/common.o
 .comment       0x0000000000000000       0x12 obj/Debug/src/Motor.o
 .comment       0x0000000000000000       0x12 obj/Debug/src/pwm.o

.note.gnu.avr.deviceinfo
                0x0000000000000000       0x40
 .note.gnu.avr.deviceinfo
                0x0000000000000000       0x40 /usr/lib/gcc/avr/5.3.0/../../../../avr/lib/avr5/crtatmega328p.o

.note.gnu.build-id
 *(.note.gnu.build-id)

.debug
 *(.debug)

.line
 *(.line)

.debug_srcinfo
 *(.debug_srcinfo)

.debug_sfnames
 *(.debug_sfnames)

.debug_aranges
 *(.debug_aranges)

.debug_pubnames
 *(.debug_pubnames)

.debug_info     0x0000000000000000      0x5f4
 *(.debug_info .gnu.linkonce.wi.*)
 .debug_info    0x0000000000000000      0x5f4 /usr/lib/gcc/avr/5.3.0/../../../../avr/lib/avr5/crtatmega328p.o

.debug_abbrev   0x0000000000000000      0x5a2
 *(.debug_abbrev)
 .debug_abbrev  0x0000000000000000      0x5a2 /usr/lib/gcc/avr/5.3.0/../../../../avr/lib/avr5/crtatmega328p.o

.debug_line     0x0000000000000000       0x1d
 *(.debug_line .debug_line.* .debug_line_end)
 .debug_line    0x0000000000000000       0x1d /usr/lib/gcc/avr/5.3.0/../../../../avr/lib/avr5/crtatmega328p.o

.debug_frame
 *(.debug_frame)

.debug_str      0x0000000000000000      0x208
 *(.debug_str)
 .debug_str     0x0000000000000000      0x208 /usr/lib/gcc/avr/5.3.0/../../../../avr/lib/avr5/crtatmega328p.o

.debug_loc
 *(.debug_loc)

.debug_macinfo
 *(.debug_macinfo)

.debug_weaknames
 *(.debug_weaknames)

.debug_funcnames
 *(.debug_funcnames)

.debug_typenames
 *(.debug_typenames)

.debug_varnames
 *(.debug_varnames)

.debug_pubtypes
 *(.debug_pubtypes)

.debug_ranges
 *(.debug_ranges)

.debug_macro
 *(.debug_macro)
OUTPUT(bin/Debug/source-code.elf elf32-avr)
LOAD linker stubs

Cross Reference Table

Symbol                                            File
Motor::Motor(int, int, int, int, int, int)        obj/Debug/src/Motor.o
Motor::Motor(int, int, int, int, int, int)        obj/Debug/src/Motor.o
Motor::backward()                                 obj/Debug/src/Motor.o
Motor::forward()                                  obj/Debug/src/Motor.o
Motor::leftWheelBackward()                        obj/Debug/src/Motor.o
Motor::leftWheelForward()                         obj/Debug/src/Motor.o
Motor::rightWheelBackward()                       obj/Debug/src/Motor.o
Motor::rigtWheelForward()                         obj/Debug/src/Motor.o
Motor::setLeftWheelSpeed(unsigned int)            obj/Debug/src/Motor.o
Motor::setRightWheelSpeed(unsigned int)           obj/Debug/src/Motor.o
Motor::stop()                                     obj/Debug/src/Motor.o
__bad_interrupt                                   /usr/lib/gcc/avr/5.3.0/../../../../avr/lib/avr5/crtatmega328p.o
__divmodsi4                                       /usr/lib/gcc/avr/5.3.0/avr5/libgcc.a(_divmodsi4.o)
                                                  obj/Debug/src/common.o
__fuse                                            obj/Debug/fuse.o
__heap_end                                        /usr/lib/gcc/avr/5.3.0/../../../../avr/lib/avr5/crtatmega328p.o
__init                                            /usr/lib/gcc/avr/5.3.0/../../../../avr/lib/avr5/crtatmega328p.o
__mulsi3                                          /usr/lib/gcc/avr/5.3.0/avr5/libgcc.a(_mulsi3.o)
                                                  obj/Debug/src/common.o
__muluhisi3                                       /usr/lib/gcc/avr/5.3.0/avr5/libgcc.a(_muluhisi3.o)
                                                  /usr/lib/gcc/avr/5.3.0/avr5/libgcc.a(_mulsi3.o)
__negsi2                                          /usr/lib/gcc/avr/5.3.0/avr5/libgcc.a(_negsi2.o)
                                                  /usr/lib/gcc/avr/5.3.0/avr5/libgcc.a(_divmodsi4.o)
__stack                                           /usr/lib/gcc/avr/5.3.0/../../../../avr/lib/avr5/crtatmega328p.o
__tablejump2__                                    /usr/lib/gcc/avr/5.3.0/avr5/libgcc.a(_tablejump2.o)
                                                  obj/Debug/src/common.o
__udivmodsi4                                      /usr/lib/gcc/avr/5.3.0/avr5/libgcc.a(_udivmodsi4.o)
                                                  /usr/lib/gcc/avr/5.3.0/avr5/libgcc.a(_divmodsi4.o)
__umulhisi3                                       /usr/lib/gcc/avr/5.3.0/avr5/libgcc.a(_umulhisi3.o)
                                                  /usr/lib/gcc/avr/5.3.0/avr5/libgcc.a(_muluhisi3.o)
__vector_1                                        /usr/lib/gcc/avr/5.3.0/../../../../avr/lib/avr5/crtatmega328p.o
__vector_10                                       /usr/lib/gcc/avr/5.3.0/../../../../avr/lib/avr5/crtatmega328p.o
__vector_11                                       /usr/lib/gcc/avr/5.3.0/../../../../avr/lib/avr5/crtatmega328p.o
__vector_12                                       /usr/lib/gcc/avr/5.3.0/../../../../avr/lib/avr5/crtatmega328p.o
__vector_13                                       /usr/lib/gcc/avr/5.3.0/../../../../avr/lib/avr5/crtatmega328p.o
__vector_14                                       /usr/lib/gcc/avr/5.3.0/../../../../avr/lib/avr5/crtatmega328p.o
__vector_15                                       /usr/lib/gcc/avr/5.3.0/../../../../avr/lib/avr5/crtatmega328p.o
__vector_16                                       /usr/lib/gcc/avr/5.3.0/../../../../avr/lib/avr5/crtatmega328p.o
__vector_17                                       /usr/lib/gcc/avr/5.3.0/../../../../avr/lib/avr5/crtatmega328p.o
__vector_18                                       /usr/lib/gcc/avr/5.3.0/../../../../avr/lib/avr5/crtatmega328p.o
__vector_19                                       /usr/lib/gcc/avr/5.3.0/../../../../avr/lib/avr5/crtatmega328p.o
__vector_2                                        /usr/lib/gcc/avr/5.3.0/../../../../avr/lib/avr5/crtatmega328p.o
__vector_20                                       /usr/lib/gcc/avr/5.3.0/../../../../avr/lib/avr5/crtatmega328p.o
__vector_21                                       /usr/lib/gcc/avr/5.3.0/../../../../avr/lib/avr5/crtatmega328p.o
__vector_22                                       /usr/lib/gcc/avr/5.3.0/../../../../avr/lib/avr5/crtatmega328p.o
__vector_23                                       /usr/lib/gcc/avr/5.3.0/../../../../avr/lib/avr5/crtatmega328p.o
__vector_24                                       /usr/lib/gcc/avr/5.3.0/../../../../avr/lib/avr5/crtatmega328p.o
__vector_25                                       /usr/lib/gcc/avr/5.3.0/../../../../avr/lib/avr5/crtatmega328p.o
__vector_3                                        /usr/lib/gcc/avr/5.3.0/../../../../avr/lib/avr5/crtatmega328p.o
__vector_4                                        /usr/lib/gcc/avr/5.3.0/../../../../avr/lib/avr5/crtatmega328p.o
__vector_5                                        /usr/lib/gcc/avr/5.3.0/../../../../avr/lib/avr5/crtatmega328p.o
__vector_6                                        /usr/lib/gcc/avr/5.3.0/../../../../avr/lib/avr5/crtatmega328p.o
__vector_7                                        /usr/lib/gcc/avr/5.3.0/../../../../avr/lib/avr5/crtatmega328p.o
__vector_8                                        /usr/lib/gcc/avr/5.3.0/../../../../avr/lib/avr5/crtatmega328p.o
__vector_9                                        /usr/lib/gcc/avr/5.3.0/../../../../avr/lib/avr5/crtatmega328p.o
__vector_default                                  /usr/lib/gcc/avr/5.3.0/../../../../avr/lib/avr5/crtatmega328p.o
__vectors                                         /usr/lib/gcc/avr/5.3.0/../../../../avr/lib/avr5/crtatmega328p.o
_exit                                             /usr/lib/gcc/avr/5.3.0/avr5/libgcc.a(_exit.o)
digitalWrite(int, int)                            obj/Debug/src/common.o
                                                  obj/Debug/src/Motor.o
exit                                              /usr/lib/gcc/avr/5.3.0/avr5/libgcc.a(_exit.o)
                                                  /usr/lib/gcc/avr/5.3.0/../../../../avr/lib/avr5/crtatmega328p.o
main                                              obj/Debug/main.o
                                                  /usr/lib/gcc/avr/5.3.0/../../../../avr/lib/avr5/crtatmega328p.o
map(long, long, long, long, long)                 obj/Debug/src/common.o
pinMode(int, int)                                 obj/Debug/src/common.o
                                                  obj/Debug/src/Motor.o
                                                  obj/Debug/main.o
pwm_disable(PWM_CHANNEL)                          obj/Debug/src/pwm.o
pwm_dutycycle(PWM_CHANNEL, unsigned char)         obj/Debug/src/pwm.o
pwm_enable(PWM_CHANNEL)                           obj/Debug/src/pwm.o
pwm_initialize(PWM_CHANNEL)                       obj/Debug/src/pwm.o
