Archive member included because of file (symbol)

/usr/lib/gcc/avr/5.3.0/avr5/libgcc.a(_mulsi3.o)
                              obj/Debug/src/common.o (__mulsi3)
/usr/lib/gcc/avr/5.3.0/avr5/libgcc.a(_divmodsi4.o)
                              obj/Debug/src/common.o (__divmodsi4)
/usr/lib/gcc/avr/5.3.0/avr5/libgcc.a(_negsi2.o)
                              /usr/lib/gcc/avr/5.3.0/avr5/libgcc.a(_divmodsi4.o) (__negsi2)
/usr/lib/gcc/avr/5.3.0/avr5/libgcc.a(_exit.o)
                              /usr/lib/gcc/avr/5.3.0/../../../../avr/lib/avr5/crtatmega328p.o (exit)
/usr/lib/gcc/avr/5.3.0/avr5/libgcc.a(_tablejump2.o)
                              obj/Debug/src/common.o (__tablejump2__)
/usr/lib/gcc/avr/5.3.0/avr5/libgcc.a(_copy_data.o)
                              obj/Debug/main.o (__do_copy_data)
/usr/lib/gcc/avr/5.3.0/avr5/libgcc.a(_muluhisi3.o)
                              /usr/lib/gcc/avr/5.3.0/avr5/libgcc.a(_mulsi3.o) (__muluhisi3)
/usr/lib/gcc/avr/5.3.0/avr5/libgcc.a(_udivmodsi4.o)
                              /usr/lib/gcc/avr/5.3.0/avr5/libgcc.a(_divmodsi4.o) (__udivmodsi4)
/usr/lib/gcc/avr/5.3.0/avr5/libgcc.a(_umulhisi3.o)
                              /usr/lib/gcc/avr/5.3.0/avr5/libgcc.a(_muluhisi3.o) (__umulhisi3)

Memory Configuration

Name             Origin             Length             Attributes
text             0x0000000000000000 0x0000000000020000 xr
data             0x0000000000800060 0x000000000000ffa0 rw !x
eeprom           0x0000000000810000 0x0000000000010000 rw !x
fuse             0x0000000000820000 0x0000000000000400 rw !x
lock             0x0000000000830000 0x0000000000000400 rw !x
signature        0x0000000000840000 0x0000000000000400 rw !x
user_signatures  0x0000000000850000 0x0000000000000400 rw !x
*default*        0x0000000000000000 0xffffffffffffffff

Linker script and memory map

Address of section .data set to 0x800100
LOAD /usr/lib/gcc/avr/5.3.0/../../../../avr/lib/avr5/crtatmega328p.o
LOAD obj/Debug/fuse.o
LOAD obj/Debug/main.o
LOAD obj/Debug/src/CommandParser.o
LOAD obj/Debug/src/common.o
LOAD obj/Debug/src/Motor.o
LOAD obj/Debug/src/pwm.o
LOAD /usr/lib/gcc/avr/5.3.0/avr5/libgcc.a
LOAD /usr/lib/libm.a
START GROUP
LOAD /usr/lib/gcc/avr/5.3.0/avr5/libgcc.a
LOAD /usr/lib/libm.a
LOAD /usr/lib/libc.a
LOAD /usr/lib/gcc/avr/5.3.0/../../../../avr/lib/avr5/libatmega328p.a
END GROUP

.hash
 *(.hash)

.dynsym
 *(.dynsym)

.dynstr
 *(.dynstr)

.gnu.version
 *(.gnu.version)

.gnu.version_d
 *(.gnu.version_d)

.gnu.version_r
 *(.gnu.version_r)

.rel.init
 *(.rel.init)

.rela.init
 *(.rela.init)

.rel.text
 *(.rel.text)
 *(.rel.text.*)
 *(.rel.gnu.linkonce.t*)

.rela.text
 *(.rela.text)
 *(.rela.text.*)
 *(.rela.gnu.linkonce.t*)

.rel.fini
 *(.rel.fini)

.rela.fini
 *(.rela.fini)

.rel.rodata
 *(.rel.rodata)
 *(.rel.rodata.*)
 *(.rel.gnu.linkonce.r*)

.rela.rodata
 *(.rela.rodata)
 *(.rela.rodata.*)
 *(.rela.gnu.linkonce.r*)

.rel.data
 *(.rel.data)
 *(.rel.data.*)
 *(.rel.gnu.linkonce.d*)

.rela.data
 *(.rela.data)
 *(.rela.data.*)
 *(.rela.gnu.linkonce.d*)

.rel.ctors
 *(.rel.ctors)

.rela.ctors
 *(.rela.ctors)

.rel.dtors
 *(.rel.dtors)

.rela.dtors
 *(.rela.dtors)

.rel.got
 *(.rel.got)

.rela.got
 *(.rela.got)

.rel.bss
 *(.rel.bss)

.rela.bss
 *(.rela.bss)

.rel.plt
 *(.rel.plt)

.rela.plt
 *(.rela.plt)

.text           0x0000000000000000      0x9f2
 *(.vectors)
 .vectors       0x0000000000000000       0x68 /usr/lib/gcc/avr/5.3.0/../../../../avr/lib/avr5/crtatmega328p.o
                0x0000000000000000                __vectors
                0x0000000000000000                __vector_default
 *(.vectors)
 *(.progmem.gcc*)
 .progmem.gcc_sw_table
                0x0000000000000068       0x70 obj/Debug/src/common.o
                0x00000000000000d8                . = ALIGN (0x2)
                0x00000000000000d8                __trampolines_start = .
 *(.trampolines)
 .trampolines   0x00000000000000d8        0x0 linker stubs
 *(.trampolines*)
                0x00000000000000d8                __trampolines_end = .
 *(.progmem*)
                0x00000000000000d8                . = ALIGN (0x2)
 *(.jumptables)
 *(.jumptables*)
 *(.lowtext)
 *(.lowtext*)
                0x00000000000000d8                __ctors_start = .
 *(.ctors)
                0x00000000000000d8                __ctors_end = .
                0x00000000000000d8                __dtors_start = .
 *(.dtors)
                0x00000000000000d8                __dtors_end = .
 SORT(*)(.ctors)
 SORT(*)(.dtors)
 *(.init0)
 .init0         0x00000000000000d8        0x0 /usr/lib/gcc/avr/5.3.0/../../../../avr/lib/avr5/crtatmega328p.o
                0x00000000000000d8                __init
 *(.init0)
 *(.init1)
 *(.init1)
 *(.init2)
 .init2         0x00000000000000d8        0xc /usr/lib/gcc/avr/5.3.0/../../../../avr/lib/avr5/crtatmega328p.o
 *(.init2)
 *(.init3)
 *(.init3)
 *(.init4)
 .init4         0x00000000000000e4       0x16 /usr/lib/gcc/avr/5.3.0/avr5/libgcc.a(_copy_data.o)
                0x00000000000000e4                __do_copy_data
 *(.init4)
 *(.init5)
 *(.init5)
 *(.init6)
 *(.init6)
 *(.init7)
 *(.init7)
 *(.init8)
 *(.init8)
 *(.init9)
 .init9         0x00000000000000fa        0x8 /usr/lib/gcc/avr/5.3.0/../../../../avr/lib/avr5/crtatmega328p.o
 *(.init9)
 *(.text)
 .text          0x0000000000000102        0x4 /usr/lib/gcc/avr/5.3.0/../../../../avr/lib/avr5/crtatmega328p.o
                0x0000000000000102                __vector_22
                0x0000000000000102                __vector_1
                0x0000000000000102                __vector_24
                0x0000000000000102                __vector_12
                0x0000000000000102                __bad_interrupt
                0x0000000000000102                __vector_6
                0x0000000000000102                __vector_3
                0x0000000000000102                __vector_23
                0x0000000000000102                __vector_25
                0x0000000000000102                __vector_11
                0x0000000000000102                __vector_13
                0x0000000000000102                __vector_17
                0x0000000000000102                __vector_19
                0x0000000000000102                __vector_7
                0x0000000000000102                __vector_5
                0x0000000000000102                __vector_4
                0x0000000000000102                __vector_9
                0x0000000000000102                __vector_2
                0x0000000000000102                __vector_21
                0x0000000000000102                __vector_15
                0x0000000000000102                __vector_8
                0x0000000000000102                __vector_14
                0x0000000000000102                __vector_10
                0x0000000000000102                __vector_16
                0x0000000000000102                __vector_18
                0x0000000000000102                __vector_20
 .text          0x0000000000000106        0x0 obj/Debug/fuse.o
 .text          0x0000000000000106       0x94 obj/Debug/main.o
                0x0000000000000106                main
 .text          0x000000000000019a       0x3e obj/Debug/src/CommandParser.o
                0x000000000000019a                CommandParser::CommandParser()
                0x000000000000019a                CommandParser::CommandParser()
                0x000000000000019c                CommandParser::setMotor(Motor*)
                0x00000000000001a4                CommandParser::parseCommand(char*)
 .text          0x00000000000001d8      0x414 obj/Debug/src/common.o
                0x00000000000001d8                map(long, long, long, long, long)
                0x000000000000025a                pinMode(int, int)
                0x000000000000040c                digitalWrite(int, int)
 .text          0x00000000000005ec      0x1e4 obj/Debug/src/Motor.o
                0x00000000000005ec                Motor::stop()
                0x0000000000000628                Motor::Motor(int, int, int, int, int, int)
                0x0000000000000628                Motor::Motor(int, int, int, int, int, int)
                0x00000000000006d8                Motor::forward()
                0x0000000000000700                Motor::backward()
                0x0000000000000728                Motor::rigtWheelForward()
                0x0000000000000744                Motor::rightWheelBackward()
                0x0000000000000760                Motor::leftWheelForward()
                0x000000000000077c                Motor::leftWheelBackward()
                0x0000000000000798                Motor::setRightWheelSpeed(unsigned int)
                0x00000000000007b4                Motor::setLeftWheelSpeed(unsigned int)
 .text          0x00000000000007d0      0x13c obj/Debug/src/pwm.o
                0x00000000000007d0                pwm_enable(PWM_CHANNEL)
                0x000000000000081e                pwm_disable(PWM_CHANNEL)
                0x000000000000086c                pwm_dutycycle(PWM_CHANNEL, unsigned char)
                0x00000000000008a2                pwm_initialize(PWM_CHANNEL)
 .text          0x000000000000090c        0x0 /usr/lib/gcc/avr/5.3.0/avr5/libgcc.a(_mulsi3.o)
 .text          0x000000000000090c        0x0 /usr/lib/gcc/avr/5.3.0/avr5/libgcc.a(_divmodsi4.o)
 .text          0x000000000000090c        0x0 /usr/lib/gcc/avr/5.3.0/avr5/libgcc.a(_negsi2.o)
 .text          0x000000000000090c        0x0 /usr/lib/gcc/avr/5.3.0/avr5/libgcc.a(_exit.o)
 .text          0x000000000000090c        0x0 /usr/lib/gcc/avr/5.3.0/avr5/libgcc.a(_tablejump2.o)
 .text          0x000000000000090c        0x0 /usr/lib/gcc/avr/5.3.0/avr5/libgcc.a(_copy_data.o)
 .text          0x000000000000090c        0x0 /usr/lib/gcc/avr/5.3.0/avr5/libgcc.a(_muluhisi3.o)
 .text          0x000000000000090c        0x0 /usr/lib/gcc/avr/5.3.0/avr5/libgcc.a(_udivmodsi4.o)
 .text          0x000000000000090c        0x0 /usr/lib/gcc/avr/5.3.0/avr5/libgcc.a(_umulhisi3.o)
                0x000000000000090c                . = ALIGN (0x2)
 *(.text.*)
 .text.libgcc.mul
                0x000000000000090c       0x20 /usr/lib/gcc/avr/5.3.0/avr5/libgcc.a(_mulsi3.o)
                0x000000000000090c                __mulsi3
 .text.libgcc.div
                0x000000000000092c        0x0 /usr/lib/gcc/avr/5.3.0/avr5/libgcc.a(_mulsi3.o)
 .text.libgcc   0x000000000000092c        0x0 /usr/lib/gcc/avr/5.3.0/avr5/libgcc.a(_mulsi3.o)
 .text.libgcc.prologue
                0x000000000000092c        0x0 /usr/lib/gcc/avr/5.3.0/avr5/libgcc.a(_mulsi3.o)
 .text.libgcc.builtins
                0x000000000000092c        0x0 /usr/lib/gcc/avr/5.3.0/avr5/libgcc.a(_mulsi3.o)
 .text.libgcc.fmul
                0x000000000000092c        0x0 /usr/lib/gcc/avr/5.3.0/avr5/libgcc.a(_mulsi3.o)
 .text.libgcc.fixed
                0x000000000000092c        0x0 /usr/lib/gcc/avr/5.3.0/avr5/libgcc.a(_mulsi3.o)
 .text.libgcc.mul
                0x000000000000092c        0x0 /usr/lib/gcc/avr/5.3.0/avr5/libgcc.a(_divmodsi4.o)
 .text.libgcc.div
                0x000000000000092c       0x2e /usr/lib/gcc/avr/5.3.0/avr5/libgcc.a(_divmodsi4.o)
                0x000000000000092c                __divmodsi4
 .text.libgcc   0x000000000000095a        0x0 /usr/lib/gcc/avr/5.3.0/avr5/libgcc.a(_divmodsi4.o)
 .text.libgcc.prologue
                0x000000000000095a        0x0 /usr/lib/gcc/avr/5.3.0/avr5/libgcc.a(_divmodsi4.o)
 .text.libgcc.builtins
                0x000000000000095a        0x0 /usr/lib/gcc/avr/5.3.0/avr5/libgcc.a(_divmodsi4.o)
 .text.libgcc.fmul
                0x000000000000095a        0x0 /usr/lib/gcc/avr/5.3.0/avr5/libgcc.a(_divmodsi4.o)
 .text.libgcc.fixed
                0x000000000000095a        0x0 /usr/lib/gcc/avr/5.3.0/avr5/libgcc.a(_divmodsi4.o)
 .text.libgcc.mul
                0x000000000000095a        0x0 /usr/lib/gcc/avr/5.3.0/avr5/libgcc.a(_negsi2.o)
 .text.libgcc.div
                0x000000000000095a       0x10 /usr/lib/gcc/avr/5.3.0/avr5/libgcc.a(_negsi2.o)
                0x000000000000095a                __negsi2
 .text.libgcc   0x000000000000096a        0x0 /usr/lib/gcc/avr/5.3.0/avr5/libgcc.a(_negsi2.o)
 .text.libgcc.prologue
                0x000000000000096a        0x0 /usr/lib/gcc/avr/5.3.0/avr5/libgcc.a(_negsi2.o)
 .text.libgcc.builtins
                0x000000000000096a        0x0 /usr/lib/gcc/avr/5.3.0/avr5/libgcc.a(_negsi2.o)
 .text.libgcc.fmul
                0x000000000000096a        0x0 /usr/lib/gcc/avr/5.3.0/avr5/libgcc.a(_negsi2.o)
 .text.libgcc.fixed
                0x000000000000096a        0x0 /usr/lib/gcc/avr/5.3.0/avr5/libgcc.a(_negsi2.o)
 .text.libgcc.mul
                0x000000000000096a        0x0 /usr/lib/gcc/avr/5.3.0/avr5/libgcc.a(_exit.o)
 .text.libgcc.div
                0x000000000000096a        0x0 /usr/lib/gcc/avr/5.3.0/avr5/libgcc.a(_exit.o)
 .text.libgcc   0x000000000000096a        0x0 /usr/lib/gcc/avr/5.3.0/avr5/libgcc.a(_exit.o)
 .text.libgcc.prologue
                0x000000000000096a        0x0 /usr/lib/gcc/avr/5.3.0/avr5/libgcc.a(_exit.o)
 .text.libgcc.builtins
                0x000000000000096a        0x0 /usr/lib/gcc/avr/5.3.0/avr5/libgcc.a(_exit.o)
 .text.libgcc.fmul
                0x000000000000096a        0x0 /usr/lib/gcc/avr/5.3.0/avr5/libgcc.a(_exit.o)
 .text.libgcc.fixed
                0x000000000000096a        0x0 /usr/lib/gcc/avr/5.3.0/avr5/libgcc.a(_exit.o)
 .text.libgcc.mul
                0x000000000000096a        0x0 /usr/lib/gcc/avr/5.3.0/avr5/libgcc.a(_tablejump2.o)
 .text.libgcc.div
                0x000000000000096a        0x0 /usr/lib/gcc/avr/5.3.0/avr5/libgcc.a(_tablejump2.o)
 .text.libgcc   0x000000000000096a        0xc /usr/lib/gcc/avr/5.3.0/avr5/libgcc.a(_tablejump2.o)
                0x000000000000096a                __tablejump2__
 .text.libgcc.prologue
                0x0000000000000976        0x0 /usr/lib/gcc/avr/5.3.0/avr5/libgcc.a(_tablejump2.o)
 .text.libgcc.builtins
                0x0000000000000976        0x0 /usr/lib/gcc/avr/5.3.0/avr5/libgcc.a(_tablejump2.o)
 .text.libgcc.fmul
                0x0000000000000976        0x0 /usr/lib/gcc/avr/5.3.0/avr5/libgcc.a(_tablejump2.o)
 .text.libgcc.fixed
                0x0000000000000976        0x0 /usr/lib/gcc/avr/5.3.0/avr5/libgcc.a(_tablejump2.o)
 .text.libgcc.mul
                0x0000000000000976        0x0 /usr/lib/gcc/avr/5.3.0/avr5/libgcc.a(_copy_data.o)
 .text.libgcc.div
                0x0000000000000976        0x0 /usr/lib/gcc/avr/5.3.0/avr5/libgcc.a(_copy_data.o)
 .text.libgcc   0x0000000000000976        0x0 /usr/lib/gcc/avr/5.3.0/avr5/libgcc.a(_copy_data.o)
 .text.libgcc.prologue
                0x0000000000000976        0x0 /usr/lib/gcc/avr/5.3.0/avr5/libgcc.a(_copy_data.o)
 .text.libgcc.builtins
                0x0000000000000976        0x0 /usr/lib/gcc/avr/5.3.0/avr5/libgcc.a(_copy_data.o)
 .text.libgcc.fmul
                0x0000000000000976        0x0 /usr/lib/gcc/avr/5.3.0/avr5/libgcc.a(_copy_data.o)
 .text.libgcc.fixed
                0x0000000000000976        0x0 /usr/lib/gcc/avr/5.3.0/avr5/libgcc.a(_copy_data.o)
 .text.libgcc.mul
                0x0000000000000976       0x16 /usr/lib/gcc/avr/5.3.0/avr5/libgcc.a(_muluhisi3.o)
                0x0000000000000976                __muluhisi3
 .text.libgcc.div
                0x000000000000098c        0x0 /usr/lib/gcc/avr/5.3.0/avr5/libgcc.a(_muluhisi3.o)
 .text.libgcc   0x000000000000098c        0x0 /usr/lib/gcc/avr/5.3.0/avr5/libgcc.a(_muluhisi3.o)
 .text.libgcc.prologue
                0x000000000000098c        0x0 /usr/lib/gcc/avr/5.3.0/avr5/libgcc.a(_muluhisi3.o)
 .text.libgcc.builtins
                0x000000000000098c        0x0 /usr/lib/gcc/avr/5.3.0/avr5/libgcc.a(_muluhisi3.o)
 .text.libgcc.fmul
                0x000000000000098c        0x0 /usr/lib/gcc/avr/5.3.0/avr5/libgcc.a(_muluhisi3.o)
 .text.libgcc.fixed
                0x000000000000098c        0x0 /usr/lib/gcc/avr/5.3.0/avr5/libgcc.a(_muluhisi3.o)
 .text.libgcc.mul
                0x000000000000098c        0x0 /usr/lib/gcc/avr/5.3.0/avr5/libgcc.a(_udivmodsi4.o)
 .text.libgcc.div
                0x000000000000098c       0x44 /usr/lib/gcc/avr/5.3.0/avr5/libgcc.a(_udivmodsi4.o)
                0x000000000000098c                __udivmodsi4
 .text.libgcc   0x00000000000009d0        0x0 /usr/lib/gcc/avr/5.3.0/avr5/libgcc.a(_udivmodsi4.o)
 .text.libgcc.prologue
                0x00000000000009d0        0x0 /usr/lib/gcc/avr/5.3.0/avr5/libgcc.a(_udivmodsi4.o)
 .text.libgcc.builtins
                0x00000000000009d0        0x0 /usr/lib/gcc/avr/5.3.0/avr5/libgcc.a(_udivmodsi4.o)
 .text.libgcc.fmul
                0x00000000000009d0        0x0 /usr/lib/gcc/avr/5.3.0/avr5/libgcc.a(_udivmodsi4.o)
 .text.libgcc.fixed
                0x00000000000009d0        0x0 /usr/lib/gcc/avr/5.3.0/avr5/libgcc.a(_udivmodsi4.o)
 .text.libgcc.mul
                0x00000000000009d0       0x1e /usr/lib/gcc/avr/5.3.0/avr5/libgcc.a(_umulhisi3.o)
                0x00000000000009d0                __umulhisi3
 .text.libgcc.div
                0x00000000000009ee        0x0 /usr/lib/gcc/avr/5.3.0/avr5/libgcc.a(_umulhisi3.o)
 .text.libgcc   0x00000000000009ee        0x0 /usr/lib/gcc/avr/5.3.0/avr5/libgcc.a(_umulhisi3.o)
 .text.libgcc.prologue
                0x00000000000009ee        0x0 /usr/lib/gcc/avr/5.3.0/avr5/libgcc.a(_umulhisi3.o)
 .text.libgcc.builtins
                0x00000000000009ee        0x0 /usr/lib/gcc/avr/5.3.0/avr5/libgcc.a(_umulhisi3.o)
 .text.libgcc.fmul
                0x00000000000009ee        0x0 /usr/lib/gcc/avr/5.3.0/avr5/libgcc.a(_umulhisi3.o)
 .text.libgcc.fixed
                0x00000000000009ee        0x0 /usr/lib/gcc/avr/5.3.0/avr5/libgcc.a(_umulhisi3.o)
                0x00000000000009ee                . = ALIGN (0x2)
 *(.fini9)
 .fini9         0x00000000000009ee        0x0 /usr/lib/gcc/avr/5.3.0/avr5/libgcc.a(_exit.o)
                0x00000000000009ee                exit
                0x00000000000009ee                _exit
 *(.fini9)
 *(.fini8)
 *(.fini8)
 *(.fini7)
 *(.fini7)
 *(.fini6)
 *(.fini6)
 *(.fini5)
 *(.fini5)
 *(.fini4)
 *(.fini4)
 *(.fini3)
 *(.fini3)
 *(.fini2)
 *(.fini2)
 *(.fini1)
 *(.fini1)
 *(.fini0)
 .fini0         0x00000000000009ee        0x4 /usr/lib/gcc/avr/5.3.0/avr5/libgcc.a(_exit.o)
 *(.fini0)
                0x00000000000009f2                _etext = .

.data           0x0000000000800100        0x6 load address 0x00000000000009f2
                0x0000000000800100                PROVIDE (__data_start, .)
 *(.data)
 .data          0x0000000000800100        0x0 /usr/lib/gcc/avr/5.3.0/../../../../avr/lib/avr5/crtatmega328p.o
 .data          0x0000000000800100        0x0 obj/Debug/fuse.o
 .data          0x0000000000800100        0x0 obj/Debug/main.o
 .data          0x0000000000800100        0x0 obj/Debug/src/CommandParser.o
 .data          0x0000000000800100        0x0 obj/Debug/src/common.o
 .data          0x0000000000800100        0x0 obj/Debug/src/Motor.o
 .data          0x0000000000800100        0x0 obj/Debug/src/pwm.o
 .data          0x0000000000800100        0x0 /usr/lib/gcc/avr/5.3.0/avr5/libgcc.a(_mulsi3.o)
 .data          0x0000000000800100        0x0 /usr/lib/gcc/avr/5.3.0/avr5/libgcc.a(_divmodsi4.o)
 .data          0x0000000000800100        0x0 /usr/lib/gcc/avr/5.3.0/avr5/libgcc.a(_negsi2.o)
 .data          0x0000000000800100        0x0 /usr/lib/gcc/avr/5.3.0/avr5/libgcc.a(_exit.o)
 .data          0x0000000000800100        0x0 /usr/lib/gcc/avr/5.3.0/avr5/libgcc.a(_tablejump2.o)
 .data          0x0000000000800100        0x0 /usr/lib/gcc/avr/5.3.0/avr5/libgcc.a(_copy_data.o)
 .data          0x0000000000800100        0x0 /usr/lib/gcc/avr/5.3.0/avr5/libgcc.a(_muluhisi3.o)
 .data          0x0000000000800100        0x0 /usr/lib/gcc/avr/5.3.0/avr5/libgcc.a(_udivmodsi4.o)
 .data          0x0000000000800100        0x0 /usr/lib/gcc/avr/5.3.0/avr5/libgcc.a(_umulhisi3.o)
 *(.data*)
 *(.rodata)
 *(.rodata*)
 .rodata.str1.1
                0x0000000000800100        0x6 obj/Debug/main.o
 *(.gnu.linkonce.d*)
                0x0000000000800106                . = ALIGN (0x2)
                0x0000000000800106                _edata = .
                0x0000000000800106                PROVIDE (__data_end, .)

.bss            0x0000000000800106        0x0
                0x0000000000800106                PROVIDE (__bss_start, .)
 *(.bss)
 .bss           0x0000000000800106        0x0 /usr/lib/gcc/avr/5.3.0/../../../../avr/lib/avr5/crtatmega328p.o
 .bss           0x0000000000800106        0x0 obj/Debug/fuse.o
 .bss           0x0000000000800106        0x0 obj/Debug/main.o
 .bss           0x0000000000800106        0x0 obj/Debug/src/CommandParser.o
 .bss           0x0000000000800106        0x0 obj/Debug/src/common.o
 .bss           0x0000000000800106        0x0 obj/Debug/src/Motor.o
 .bss           0x0000000000800106        0x0 obj/Debug/src/pwm.o
 .bss           0x0000000000800106        0x0 /usr/lib/gcc/avr/5.3.0/avr5/libgcc.a(_mulsi3.o)
 .bss           0x0000000000800106        0x0 /usr/lib/gcc/avr/5.3.0/avr5/libgcc.a(_divmodsi4.o)
 .bss           0x0000000000800106        0x0 /usr/lib/gcc/avr/5.3.0/avr5/libgcc.a(_negsi2.o)
 .bss           0x0000000000800106        0x0 /usr/lib/gcc/avr/5.3.0/avr5/libgcc.a(_exit.o)
 .bss           0x0000000000800106        0x0 /usr/lib/gcc/avr/5.3.0/avr5/libgcc.a(_tablejump2.o)
 .bss           0x0000000000800106        0x0 /usr/lib/gcc/avr/5.3.0/avr5/libgcc.a(_copy_data.o)
 .bss           0x0000000000800106        0x0 /usr/lib/gcc/avr/5.3.0/avr5/libgcc.a(_muluhisi3.o)
 .bss           0x0000000000800106        0x0 /usr/lib/gcc/avr/5.3.0/avr5/libgcc.a(_udivmodsi4.o)
 .bss           0x0000000000800106        0x0 /usr/lib/gcc/avr/5.3.0/avr5/libgcc.a(_umulhisi3.o)
 *(.bss*)
 *(COMMON)
                0x0000000000800106                PROVIDE (__bss_end, .)
                0x00000000000009f2                __data_load_start = LOADADDR (.data)
                0x00000000000009f8                __data_load_end = (__data_load_start + SIZEOF (.data))

.noinit         0x0000000000800106        0x0
                0x0000000000800106                PROVIDE (__noinit_start, .)
 *(.noinit*)
                0x0000000000800106                PROVIDE (__noinit_end, .)
                0x0000000000800106                _end = .
                0x0000000000800106                PROVIDE (__heap_start, .)

.eeprom         0x0000000000810000        0x0
 *(.eeprom*)
                0x0000000000810000                __eeprom_end = .

.fuse           0x0000000000820000        0x3
 *(.fuse)
 .fuse          0x0000000000820000        0x3 obj/Debug/fuse.o
                0x0000000000820000                __fuse
 *(.lfuse)
 *(.hfuse)
 *(.efuse)

.lock
 *(.lock*)

.signature
 *(.signature*)

.user_signatures
 *(.user_signatures*)

.stab           0x0000000000000000     0x3108
 *(.stab)
 .stab          0x0000000000000000      0x498 obj/Debug/fuse.o
 .stab          0x0000000000000498      0x5a0 obj/Debug/main.o
                                        0x5ac (size before relaxing)
 .stab          0x0000000000000a38      0x600 obj/Debug/src/CommandParser.o
                                        0x60c (size before relaxing)
 .stab          0x0000000000001038      0xe94 obj/Debug/src/common.o
                                        0xea0 (size before relaxing)
 .stab          0x0000000000001ecc      0x9cc obj/Debug/src/Motor.o
                                        0x9d8 (size before relaxing)
 .stab          0x0000000000002898      0x870 obj/Debug/src/pwm.o
                                        0x87c (size before relaxing)

.stabstr        0x0000000000000000     0x23b1
 *(.stabstr)
 .stabstr       0x0000000000000000     0x23b1 obj/Debug/fuse.o

.stab.excl
 *(.stab.excl)

.stab.exclstr
 *(.stab.exclstr)

.stab.index
 *(.stab.index)

.stab.indexstr
 *(.stab.indexstr)

.comment        0x0000000000000000       0x11
 *(.comment)
 .comment       0x0000000000000000       0x11 obj/Debug/fuse.o
                                         0x12 (size before relaxing)
 .comment       0x0000000000000000       0x12 obj/Debug/main.o
 .comment       0x0000000000000000       0x12 obj/Debug/src/CommandParser.o
 .comment       0x0000000000000000       0x12 obj/Debug/src/common.o
 .comment       0x0000000000000000       0x12 obj/Debug/src/Motor.o
 .comment       0x0000000000000000       0x12 obj/Debug/src/pwm.o

.note.gnu.avr.deviceinfo
                0x0000000000000000       0x40
 .note.gnu.avr.deviceinfo
                0x0000000000000000       0x40 /usr/lib/gcc/avr/5.3.0/../../../../avr/lib/avr5/crtatmega328p.o

.note.gnu.build-id
 *(.note.gnu.build-id)

.debug
 *(.debug)

.line
 *(.line)

.debug_srcinfo
 *(.debug_srcinfo)

.debug_sfnames
 *(.debug_sfnames)

.debug_aranges
 *(.debug_aranges)

.debug_pubnames
 *(.debug_pubnames)

.debug_info     0x0000000000000000      0x5f4
 *(.debug_info .gnu.linkonce.wi.*)
 .debug_info    0x0000000000000000      0x5f4 /usr/lib/gcc/avr/5.3.0/../../../../avr/lib/avr5/crtatmega328p.o

.debug_abbrev   0x0000000000000000      0x5a2
 *(.debug_abbrev)
 .debug_abbrev  0x0000000000000000      0x5a2 /usr/lib/gcc/avr/5.3.0/../../../../avr/lib/avr5/crtatmega328p.o

.debug_line     0x0000000000000000       0x1d
 *(.debug_line .debug_line.* .debug_line_end)
 .debug_line    0x0000000000000000       0x1d /usr/lib/gcc/avr/5.3.0/../../../../avr/lib/avr5/crtatmega328p.o

.debug_frame
 *(.debug_frame)

.debug_str      0x0000000000000000      0x208
 *(.debug_str)
 .debug_str     0x0000000000000000      0x208 /usr/lib/gcc/avr/5.3.0/../../../../avr/lib/avr5/crtatmega328p.o

.debug_loc
 *(.debug_loc)

.debug_macinfo
 *(.debug_macinfo)

.debug_weaknames
 *(.debug_weaknames)

.debug_funcnames
 *(.debug_funcnames)

.debug_typenames
 *(.debug_typenames)

.debug_varnames
 *(.debug_varnames)

.debug_pubtypes
 *(.debug_pubtypes)

.debug_ranges
 *(.debug_ranges)

.debug_macro
 *(.debug_macro)
OUTPUT(bin/Debug/source-code.elf elf32-avr)
LOAD linker stubs

Cross Reference Table

Symbol                                            File
CommandParser::CommandParser()                    obj/Debug/src/CommandParser.o
                                                  obj/Debug/main.o
CommandParser::CommandParser()                    obj/Debug/src/CommandParser.o
CommandParser::parseCommand(char*)                obj/Debug/src/CommandParser.o
                                                  obj/Debug/main.o
CommandParser::setMotor(Motor*)                   obj/Debug/src/CommandParser.o
                                                  obj/Debug/main.o
Motor::Motor(int, int, int, int, int, int)        obj/Debug/src/Motor.o
Motor::Motor(int, int, int, int, int, int)        obj/Debug/src/Motor.o
                                                  obj/Debug/main.o
Motor::backward()                                 obj/Debug/src/Motor.o
                                                  obj/Debug/src/CommandParser.o
Motor::forward()                                  obj/Debug/src/Motor.o
                                                  obj/Debug/src/CommandParser.o
Motor::leftWheelBackward()                        obj/Debug/src/Motor.o
Motor::leftWheelForward()                         obj/Debug/src/Motor.o
Motor::rightWheelBackward()                       obj/Debug/src/Motor.o
Motor::rigtWheelForward()                         obj/Debug/src/Motor.o
Motor::setLeftWheelSpeed(unsigned int)            obj/Debug/src/Motor.o
Motor::setRightWheelSpeed(unsigned int)           obj/Debug/src/Motor.o
Motor::stop()                                     obj/Debug/src/Motor.o
__bad_interrupt                                   /usr/lib/gcc/avr/5.3.0/../../../../avr/lib/avr5/crtatmega328p.o
__data_end                                        /usr/lib/gcc/avr/5.3.0/avr5/libgcc.a(_copy_data.o)
__data_load_start                                 /usr/lib/gcc/avr/5.3.0/avr5/libgcc.a(_copy_data.o)
__data_start                                      /usr/lib/gcc/avr/5.3.0/avr5/libgcc.a(_copy_data.o)
__divmodsi4                                       /usr/lib/gcc/avr/5.3.0/avr5/libgcc.a(_divmodsi4.o)
                                                  obj/Debug/src/common.o
__do_copy_data                                    /usr/lib/gcc/avr/5.3.0/avr5/libgcc.a(_copy_data.o)
                                                  obj/Debug/main.o
__fuse                                            obj/Debug/fuse.o
__heap_end                                        /usr/lib/gcc/avr/5.3.0/../../../../avr/lib/avr5/crtatmega328p.o
__init                                            /usr/lib/gcc/avr/5.3.0/../../../../avr/lib/avr5/crtatmega328p.o
__mulsi3                                          /usr/lib/gcc/avr/5.3.0/avr5/libgcc.a(_mulsi3.o)
                                                  obj/Debug/src/common.o
__muluhisi3                                       /usr/lib/gcc/avr/5.3.0/avr5/libgcc.a(_muluhisi3.o)
                                                  /usr/lib/gcc/avr/5.3.0/avr5/libgcc.a(_mulsi3.o)
__negsi2                                          /usr/lib/gcc/avr/5.3.0/avr5/libgcc.a(_negsi2.o)
                                                  /usr/lib/gcc/avr/5.3.0/avr5/libgcc.a(_divmodsi4.o)
__stack                                           /usr/lib/gcc/avr/5.3.0/../../../../avr/lib/avr5/crtatmega328p.o
__tablejump2__                                    /usr/lib/gcc/avr/5.3.0/avr5/libgcc.a(_tablejump2.o)
                                                  obj/Debug/src/common.o
__udivmodsi4                                      /usr/lib/gcc/avr/5.3.0/avr5/libgcc.a(_udivmodsi4.o)
                                                  /usr/lib/gcc/avr/5.3.0/avr5/libgcc.a(_divmodsi4.o)
__umulhisi3                                       /usr/lib/gcc/avr/5.3.0/avr5/libgcc.a(_umulhisi3.o)
                                                  /usr/lib/gcc/avr/5.3.0/avr5/libgcc.a(_muluhisi3.o)
__vector_1                                        /usr/lib/gcc/avr/5.3.0/../../../../avr/lib/avr5/crtatmega328p.o
__vector_10                                       /usr/lib/gcc/avr/5.3.0/../../../../avr/lib/avr5/crtatmega328p.o
__vector_11                                       /usr/lib/gcc/avr/5.3.0/../../../../avr/lib/avr5/crtatmega328p.o
__vector_12                                       /usr/lib/gcc/avr/5.3.0/../../../../avr/lib/avr5/crtatmega328p.o
__vector_13                                       /usr/lib/gcc/avr/5.3.0/../../../../avr/lib/avr5/crtatmega328p.o
__vector_14                                       /usr/lib/gcc/avr/5.3.0/../../../../avr/lib/avr5/crtatmega328p.o
__vector_15                                       /usr/lib/gcc/avr/5.3.0/../../../../avr/lib/avr5/crtatmega328p.o
__vector_16                                       /usr/lib/gcc/avr/5.3.0/../../../../avr/lib/avr5/crtatmega328p.o
__vector_17                                       /usr/lib/gcc/avr/5.3.0/../../../../avr/lib/avr5/crtatmega328p.o
__vector_18                                       /usr/lib/gcc/avr/5.3.0/../../../../avr/lib/avr5/crtatmega328p.o
__vector_19                                       /usr/lib/gcc/avr/5.3.0/../../../../avr/lib/avr5/crtatmega328p.o
__vector_2                                        /usr/lib/gcc/avr/5.3.0/../../../../avr/lib/avr5/crtatmega328p.o
__vector_20                                       /usr/lib/gcc/avr/5.3.0/../../../../avr/lib/avr5/crtatmega328p.o
__vector_21                                       /usr/lib/gcc/avr/5.3.0/../../../../avr/lib/avr5/crtatmega328p.o
__vector_22                                       /usr/lib/gcc/avr/5.3.0/../../../../avr/lib/avr5/crtatmega328p.o
__vector_23                                       /usr/lib/gcc/avr/5.3.0/../../../../avr/lib/avr5/crtatmega328p.o
__vector_24                                       /usr/lib/gcc/avr/5.3.0/../../../../avr/lib/avr5/crtatmega328p.o
__vector_25                                       /usr/lib/gcc/avr/5.3.0/../../../../avr/lib/avr5/crtatmega328p.o
__vector_3                                        /usr/lib/gcc/avr/5.3.0/../../../../avr/lib/avr5/crtatmega328p.o
__vector_4                                        /usr/lib/gcc/avr/5.3.0/../../../../avr/lib/avr5/crtatmega328p.o
__vector_5                                        /usr/lib/gcc/avr/5.3.0/../../../../avr/lib/avr5/crtatmega328p.o
__vector_6                                        /usr/lib/gcc/avr/5.3.0/../../../../avr/lib/avr5/crtatmega328p.o
__vector_7                                        /usr/lib/gcc/avr/5.3.0/../../../../avr/lib/avr5/crtatmega328p.o
__vector_8                                        /usr/lib/gcc/avr/5.3.0/../../../../avr/lib/avr5/crtatmega328p.o
__vector_9                                        /usr/lib/gcc/avr/5.3.0/../../../../avr/lib/avr5/crtatmega328p.o
__vector_default                                  /usr/lib/gcc/avr/5.3.0/../../../../avr/lib/avr5/crtatmega328p.o
__vectors                                         /usr/lib/gcc/avr/5.3.0/../../../../avr/lib/avr5/crtatmega328p.o
_exit                                             /usr/lib/gcc/avr/5.3.0/avr5/libgcc.a(_exit.o)
digitalWrite(int, int)                            obj/Debug/src/common.o
                                                  obj/Debug/src/Motor.o
exit                                              /usr/lib/gcc/avr/5.3.0/avr5/libgcc.a(_exit.o)
                                                  /usr/lib/gcc/avr/5.3.0/../../../../avr/lib/avr5/crtatmega328p.o
main                                              obj/Debug/main.o
                                                  /usr/lib/gcc/avr/5.3.0/../../../../avr/lib/avr5/crtatmega328p.o
map(long, long, long, long, long)                 obj/Debug/src/common.o
pinMode(int, int)                                 obj/Debug/src/common.o
                                                  obj/Debug/src/Motor.o
pwm_disable(PWM_CHANNEL)                          obj/Debug/src/pwm.o
pwm_dutycycle(PWM_CHANNEL, unsigned char)         obj/Debug/src/pwm.o
pwm_enable(PWM_CHANNEL)                           obj/Debug/src/pwm.o
pwm_initialize(PWM_CHANNEL)                       obj/Debug/src/pwm.o
